// Jest Snapshot v1, https://goo.gl/fbAQLP

exports[`can render a list of users 1`] = `
<div>
  <div
    class="Page"
  >
    <div
      class="PageHeader"
    >
      <h1>
        Users
      </h1>
      <form
        class="Search"
      >
        <div
          class="TextField"
        >
          <label />
          <input
            type="search"
            value=""
          />
        </div>
        <button
          class="Button"
          type="submit"
        >
          search
        </button>
      </form>
    </div>
    <div
      class="PageContent"
    >
      <div
        class="Card"
      >
        <p>
          seanlarkin
        </p>
        <a
          href="//seanlarkin"
        >
          view
        </a>
      </div>
      <div
        class="Card"
      >
        <p>
          mikebrocchi
        </p>
        <a
          href="//mikebrocchi"
        >
          view
        </a>
      </div>
      <div
        class="Card"
      >
        <p>
          alexkureev
        </p>
        <a
          href="//alexkureev"
        >
          view
        </a>
      </div>
      <div
        class="Card"
      >
        <p>
          balenterdi
        </p>
        <a
          href="//balenterdi"
        >
          view
        </a>
      </div>
      <div
        class="Card"
      >
        <p>
          jameslong
        </p>
        <a
          href="//jameslong"
        >
          view
        </a>
      </div>
      <div
        class="Pagination"
      >
        <div
          class="Pagination__previous"
        >
          <button
            class="Button"
            type="button"
          >
            First
          </button>
          <button
            class="Button"
            type="button"
          >
            Previous
          </button>
        </div>
        <div
          class="Pagination__next"
        >
          <button
            class="Button"
            type="button"
          >
            Next
          </button>
          <button
            class="Button"
            type="button"
          >
            Last
          </button>
        </div>
      </div>
    </div>
  </div>
</div>
`;
