// Jest Snapshot v1, https://goo.gl/fbAQLP

exports[`Pagination can render 1`] = `"<div class=\\"Pagination\\"><div class=\\"Pagination__previous\\"><button class=\\"Button\\" type=\\"button\\">First</button><button class=\\"Button\\" type=\\"button\\">Previous</button></div><div class=\\"Pagination__next\\"><button class=\\"Button\\" type=\\"button\\">Next</button><button class=\\"Button\\" type=\\"button\\">Last</button></div></div>"`;
