// Jest Snapshot v1, https://goo.gl/fbAQLP

exports[`can render user details 1`] = `
<div
  className="Page"
>
  <div
    className="PageContent"
  >
    <p>
      <strong>
        login
      </strong>
      : 
      nraboy
    </p>
  </div>
  <div
    className="PageSidebar"
  >
    <p>
      <strong>
        login
      </strong>
      : 
      nraboy
    </p>
  </div>
</div>
`;
