// Jest Snapshot v1, https://goo.gl/fbAQLP

exports[`can render user details 1`] = `"<div class=\\"Page\\"><div class=\\"PageHeader\\"><div class=\\"MediaObject\\"><div class=\\"MediaObjectMedia\\"></div><div class=\\"MediaObjectContent\\"></div></div></div><div class=\\"PageContent\\"><ul class=\\"PropList\\"></ul></div></div>"`;
